<html>
<body>
<pre>
<h1>礦ision Build Log</h1>
<h2>Project:</h2>
D:\tiaozhanbei\OV2640NEW\单片机代码\STM32F103R\MDK_Project\MyProject.uvproj
Project File Date:  11/30/2012

<h2>Output:</h2>
Build target 'Project_Template'
compiling main.c...
..\Usrer\main\main.c(112): warning:  #188-D: enumerated type mixed with another type
        GpioInit(GPIOA, GPIO_Pin_0, GPIO_Mode_IPU, 0);
..\Usrer\main\main.c(121): warning:  #111-D: statement is unreachable
        return 1;
..\Usrer\main\main.c(110): warning:  #550-D: variable "key_down" was set but never used
        u8 key_down;
..\Usrer\main\main.c(201): warning:  #167-D: argument of type "char *" is incompatible with parameter of type "u8 *"
                                temp_id = (u16)CharToNumber(fn, 5);
..\Usrer\main\main.c(168): warning:  #177-D: variable "i" was declared but never referenced
        u16 i = 0;
..\Usrer\main\main.c(239): warning:  #167-D: argument of type "const u8 *" is incompatible with parameter of type "const TCHAR *"
        res = f_open(&f_jpg, p_path, FA_CREATE_ALWAYS | FA_WRITE);
..\Usrer\main\main.c(274): warning:  #167-D: argument of type "u8 *" is incompatible with parameter of type "const TCHAR *"
                res = f_open(&f_jpg, PhotoName, FA_OPEN_EXISTING | FA_READ);
..\Usrer\main\main.c(364): warning:  #223-D: function "OV2640_AutoExposure" declared implicitly
        OV2640_AutoExposure(2);
..\Usrer\main\main.c(300): warning:  #177-D: variable "j" was declared but never referenced
        u16 j = 0;
..\Usrer\main\main.c(301): warning:  #177-D: variable "temp" was declared but never referenced
        u16 temp = 0;
..\Usrer\main\main.c(302): warning:  #177-D: variable "data" was declared but never referenced
        u16 data = 0;
..\Usrer\main\main.c(304): warning:  #177-D: variable "key_down" was declared but never referenced
        u8 key_down = 0;
..\Usrer\main\main.c(305): warning:  #177-D: variable "key_cnt" was declared but never referenced
        u16 key_cnt = 0;
..\Usrer\main\main.c: 13 warnings, 0 errors
compiling stm32f10x_it.c...
..\Usrer\STM32_it\stm32f10x_it.c(245): warning:  #177-D: variable "i" was declared but never referenced
        u32 i = 0;
..\Usrer\STM32_it\stm32f10x_it.c: 1 warning, 0 errors
compiling sd_driver.c...
compiling USART.c...
..\MyBSP\USART\USART.c(187): warning:  #550-D: variable "RxBuffer2" was set but never used
  static u8 RxBuffer2[10];
..\MyBSP\USART\USART.c: 1 warning, 0 errors
compiling LED_Key.c...
compiling Delay.c...
compiling stm32f10x_usart.c...
compiling misc.c...
compiling stm32f10x_dma.c...
compiling stm32f10x_exti.c...
compiling stm32f10x_fsmc.c...
compiling stm32f10x_gpio.c...
compiling stm32f10x_i2c.c...
compiling stm32f10x_sdio.c...
compiling stm32f10x_spi.c...
compiling stm32f10x_rcc.c...
compiling stm32f10x_flash.c...
compiling stm32f10x_pwr.c...
compiling diskio.c...
compiling FATFS_008.c...
..\Usrer\fatfs\FATFS_008.c(1298): warning:  #111-D: statement is unreachable
                        w = (w << 8) + b;
..\Usrer\fatfs\FATFS_008.c: 1 warning, 0 errors
compiling ccsbcs.c...
compiling core_cm3.c...
compiling system_stm32f10x.c...
assembling startup_stm32f10x_hd.s...
compiling SPI.c...
..\OnChip_Drivers\SPI\SPI.c(357): warning:  #177-D: variable "i" was declared but never referenced
        u16 i = 0;
..\OnChip_Drivers\SPI\SPI.c(358): warning:  #177-D: variable "retry" was declared but never referenced
        u8 retry;
..\OnChip_Drivers\SPI\SPI.c(359): warning:  #177-D: variable "reg_val" was declared but never referenced
        u32 reg_val = 0;
..\OnChip_Drivers\SPI\SPI.c: 3 warnings, 0 errors
compiling Nvic_Exit.c...
compiling Wifi_Spi.c...
..\MyBSP\Wifi\Wifi_Spi.c(134): warning:  #177-D: variable "reg_val" was declared but never referenced
        u32 reg_val = 0;
..\MyBSP\Wifi\Wifi_Spi.c: 1 warning, 0 errors
compiling LCD_Driver.c...
..\MyBSP\LCD_Driver\LCD_Driver.c(347): warning:  #223-D: function "UART_Transmit" declared implicitly
                UART_Transmit(lcd_id >> 8);
..\MyBSP\LCD_Driver\LCD_Driver.c: 1 warning, 0 errors
compiling LCD_GUI.c...
..\MyBSP\LCD_Driver\LCD_GUI.c(417): warning:  #186-D: pointless comparison of unsigned integer with zero
                                if(Start_X < 0)
..\MyBSP\LCD_Driver\LCD_GUI.c: 1 warning, 0 errors
compiling FIFO.c...
compiling ov7670.c...
..\MyBSP\OV7670_Driver\ov7670.c(268): warning:  #188-D: enumerated type mixed with another type
        GpioInit(GPIOB, GPIO_Pin_14, GPIO_Mode_IPU, 0);                                                 //HREF
..\MyBSP\OV7670_Driver\ov7670.c(270): warning:  #117-D: non-void function "OV7670_init" should return a value
        return;//从这里返回     
..\MyBSP\OV7670_Driver\ov7670.c(273): warning:  #111-D: statement is unreachable
        temp=0x80;
..\MyBSP\OV7670_Driver\ov7670.c: 3 warnings, 0 errors
compiling SCCB.c...
compiling dcmi_ov2640.c...
..\MyBSP\OV2640\dcmi_ov2640.c(1177): warning:  #188-D: enumerated type mixed with another type
        GpioInit(GPIOB, GPIO_Pin_14, GPIO_Mode_IPU, 0); 
..\MyBSP\OV2640\dcmi_ov2640.c(1264): warning:  #223-D: function "Delay" declared implicitly
    Delay(200);
..\MyBSP\OV2640\dcmi_ov2640.c(1280): warning:  #111-D: statement is unreachable
    OV2640_Reset();
..\MyBSP\OV2640\dcmi_ov2640.c(1281): warning:  #223-D: function "Delay" declared implicitly
    Delay(200);
..\MyBSP\OV2640\dcmi_ov2640.c(1474): warning:  #223-D: function "Delay" declared implicitly
     Delay(200);
..\MyBSP\OV2640\dcmi_ov2640.c(1291): warning:  #177-D: variable "change_reg" was declared but never referenced
  static const u8 change_reg[][2]=
..\MyBSP\OV2640\dcmi_ov2640.c: 6 warnings, 0 errors
linking...
Program Size: Code=24736 RO-data=4252 RW-data=204 ZI-data=15420  
FromELF: creating hex file...
"..\Output\MyProject.axf" - 0 Error(s), 31 Warning(s).
Load "..\\Output\\MyProject.axf" 
Set JLink Project File to "D:\tiaozhanbei\OV2640NEW\单片机代码\STM32F103R\MDK_Project\JLinkSettings.ini"
* JLink Info: Device "STM32F103RE" selected (512 KB flash, 64 KB RAM).
 
JLink info:
------------
DLL: V4.86b, compiled Jun 27 2014 20:11:00
Firmware: J-Link ARM V8 compiled Nov 25 2013 19:20:08
Hardware: V8.00
S/N : 17935099 
Feature(s) : RDI,FlashDL,FlashBP,JFlash 
 
* JLink Info: Found SWD-DP with ID 0x1BA01477
* JLink Info: Found SWD-DP with ID 0x1BA01477
* JLink Info: Found Cortex-M3 r1p1, Little endian.
* JLink Info: FPUnit: 6 code (BP) slots and 2 literal slots
* JLink Info: TPIU fitted.
* JLink Info: ETM fitted.
ROMTableAddr = 0xE00FF003
 
Target info:
------------
Device: STM32F103RE
VTarget = 3.274V
State of Pins: 
TCK: 0, TDI: 1, TDO: 1, TMS: 1, TRES: 1, TRST: 1
Hardware-Breakpoints: 6
Software-Breakpoints: 8192
Watchpoints:          4
JTAG speed: 2000 kHz
 
Full Chip Erase Failed!
Error: Flash Download failed  -  "Cortex-M3"
Load "..\\Output\\MyProject.axf" 
Internal DLL Error
Error: Flash Download failed  -  Target DLL has been cancelled
Load "..\\Output\\MyProject.axf" 
Set JLink Project File to "D:\tiaozhanbei\OV2640NEW\单片机代码\STM32F103R\MDK_Project\JLinkSettings.ini"
* JLink Info: Device "STM32F103RE" selected (512 KB flash, 64 KB RAM).
 
JLink info:
------------
DLL: V4.86b, compiled Jun 27 2014 20:11:00
Firmware: J-Link ARM V8 compiled Nov 25 2013 19:20:08
Hardware: V8.00
S/N : 17935099 
Feature(s) : RDI,FlashDL,FlashBP,JFlash 
 
* JLink Info: Found SWD-DP with ID 0x1BA01477
* JLink Info: Found SWD-DP with ID 0x1BA01477
* JLink Info: Found Cortex-M3 r1p1, Little endian.
* JLink Info: FPUnit: 6 code (BP) slots and 2 literal slots
* JLink Info: TPIU fitted.
* JLink Info: ETM fitted.
ROMTableAddr = 0xE00FF003
 
Target info:
------------
Device: STM32F103RE
VTarget = 3.274V
State of Pins: 
TCK: 0, TDI: 1, TDO: 1, TMS: 1, TRES: 1, TRST: 1
Hardware-Breakpoints: 6
Software-Breakpoints: 8192
Watchpoints:          4
JTAG speed: 2000 kHz
 
Full Chip Erase Done.
Programming Done.
Verify OK.
Application running ...
</pre>
</body>
</html>
